// Jest Snapshot v1, https://goo.gl/fbAQLP

exports[`it should render correctly when given a template 1`] = `
<h1
  className="custom-template"
>
  Component: 
  A test component
</h1>
`;

exports[`it should render correctly with \`name\` as a string 1`] = `
<h1
  className="stncl__name"
>
  Component Name
</h1>
`;

exports[`it should render null with no children 1`] = `null`;
