// Jest Snapshot v1, https://goo.gl/fbAQLP

exports[`renders correctly 1`] = `
<section>
  <h2>
    Props
  </h2>
  <ul>
    <li>
      <div>
        id
      </div>
      <div>
        <b>
          string
        </b>
      </div>
      <input
        className="stncl__input"
        onChange={[Function]}
        type="text"
        value="just-a-string-id"
      />
    </li>
    <li>
      <div>
        onClick
      </div>
      <div>
        <b>
          func
        </b>
        <i>
           - is required
        </i>
      </div>
    </li>
    <li>
      <div>
        value
      </div>
      <div>
        <b>
          number
        </b>
      </div>
      <input
        className="stncl__input"
        onChange={[Function]}
        type="number"
        value={20}
      />
    </li>
    <li>
      <div>
        description
      </div>
      <div>
        <b>
          string
        </b>
      </div>
      <input
        className="stncl__input"
        onChange={[Function]}
        type="text"
        value="Something something"
      />
    </li>
  </ul>
</section>
`;

exports[`renders null without props 1`] = `null`;

exports[`renders null without state 1`] = `null`;

exports[`renders null without state and props 1`] = `null`;
